// Jest Snapshot v1, https://goo.gl/fbAQLP

exports[`Render test Map 1`] = `
<section
  className="cities__map map"
/>
`;
